
> bluledger@0.1.0 build
> next build

   Γû▓ Next.js 16.0.7 (Turbopack)
   - Environments: .env.local

   Creating an optimized production build ...
 Γ£ô Compiled successfully in 13.4s
   Running TypeScript ...
npm : Failed to compile.
At line:1 char:53
+ ... edger-main\bluledger" ; npm run build 2>&1 > build_output.txt; cat bu ...
+                             ~~~~~~~~~~~~~~~~~~~~~~~~~~~~~~~~~~~~~
    + CategoryInfo          : NotSpecified: (Failed to compile.:String) [], RemoteException
    + FullyQualifiedErrorId : NativeCommandError
 

./src/app/settings/page.tsx:396:40
Type error: Property 'stats' does not exist on type '{ id: string; name: string; accountsCount: number; transactionsCount: number; membersCount: number; 
totalAssets: number; totalLiabilities: number; netWorth: number; }'.

[0m [90m 394 |[39m                             [33m<[39m[33m/[39m[33mp[39m[33m>[39m
 [90m 395 |[39m                             [33m<[39m[33mp[39m className[33m=[39m[32m"text-lg font-semibold"[39m[33m>[39m
[31m[1m>[22m[39m[90m 396 |[39m                               {summary[33m.[39mstats[33m?[39m[33m.[39mmembersCount [33m?[39m[33m?[39m 
[35m0[39m}
 [90m     |[39m                                        [31m[1m^[22m[39m
 [90m 397 |[39m                             [33m<[39m[33m/[39m[33mp[39m[33m>[39m
 [90m 398 |[39m                           [33m<[39m[33m/[39m[33mdiv[39m[33m>[39m
 [90m 399 |[39m                         [33m<[39m[33m/[39m[33mdiv[39m[33m>[39m[0m
Next.js build worker exited with code: 1 and signal: null
